MX0_A03_END_ZONE 
MX0_A03_NOD_TURRET 
MX0_A03_TROOPER_ONE_TEST 
MX0_A03_FIRST_PLAYER_ZONE 
MX0_A03_HAVOC_TANK 
MX0_A03_GDI_TROOPER_ONE 
MX0_A03_NOD_HARVESTER 
MX0_A03_NOD_TROOPER_TIB_DEATH 
MX0_A03_NOD_BUGGIE 
MX0_A03_TANK 
MX0_A03_HUMVEE 
MX0_A03_CONTROLLER_DAK 
MX0_A03_GDI_TANK_DROP_ZONE_DAK 
MX0_A03_GDI_TROOP_DROP_ZONE_DAK 
MX0_A03_GDI_INFANTRY troop_num:int
MX0_NOD_INFANTRY troop_num:int
MX0_GDI_ORCA 
MX0_A03_NOD_PLACED_MINIGUNNER 
DAK_MX0_Sec_3_Humvee 
MX0_KillNotify 
MX0_SniperAction FaceObj:int
MX0_AmbientBattle 
MX0_NOD_TroopDrop 
MX0_Kill_Sniper 
MX0_Engineer_Goto2 GotoDest1:int, GotoDest2:int, Count:int
MX0_Engineer_Goto GotoDest1:int, GotoDest2:int, Count:int
MX0_Engineer_Return 
MX0_Engineer2 Damage_multiplier:float
MX0_Engineer1 Damage_multiplier:float
Havoc_Script 
MX0_MissionStart_DME 
MDD_Havoc_Unit 
MDD_Commando 
MDD_Flying_Vehicle Unit_ID:int
MDD_Nod_Stealth 
MDD_Nod_Apache Area_ID:int
MDD_Stationary_Vehicle Area_ID:int
MDD_GDI_Soldier Area_ID:int, Soldier_Type=0:int
MDD_Nod_Soldier Area_Number:int,Area_Officer:int,Pre_Placed:int
MDD_Respawn_Controller 
MDD_Objective_Controller 
M11_CeilingRepeller2_JDG 
M11_CeilingRepellers_RopeC_JDG 
M11_CeilingRepellers_Controller2_JDG 
M11_Elevator_Switch_MasterControllerScript_JDG 
M11_FirstFloor_Elevator_Switch_Script_JDG 
M11_SecondFloor_Elevator_Switch_Script_JDG 
M11_ThirdFloor_Elevator_Switch_Script_JDG 
M11_ForthFloor_Elevator_Switch_Script_JDG 
M11_Silo_ElevatorZone04_Top_JDG 
M11_Silo_ElevatorZone03_Top_JDG 
M11_Silo_ElevatorZone02_Top_JDG 
M11_Silo_ElevatorZone01_Top_JDG 
M11_Silo_ElevatorDeactivator_JDG 
M11_Sydney_Script_JDG 
M11_Petrova_StealthSoldier_Reinforcement03_JDG 
M11_Petrova_StealthSoldier_Reinforcement02_JDG 
M11_Petrova_StealthSoldier_Reinforcement01_JDG 
M11_Petrova_StealthSoldier_Initial03_JDG 
M11_Petrova_StealthSoldier_Initial02_JDG 
M11_Petrova_StealthSoldier_Initial01_JDG 
M11_Petrova_StealthSoldier_Controller_JDG 
M11_Sydney_Rally_Zone_03b_JDG 
M11_Sydney_Rally_Zone_03_JDG 
M11_Sydney_Rally_Zone_02_JDG 
M11_Sydney_Rally_Zone_01_JDG 
M11_Silo_ElevatorZone04_JDG 
M11_Silo_ElevatorZone03_JDG 
M11_Silo_ElevatorZone02_JDG 
M11_Silo_ElevatorZone01_JDG 
M11_Silo_ElevatorController_JDG 
M11_LabMutant_Simple_JDG 
M11_Cryochamber_Simple_JDG chamber_number:int
M11_Lab_Cryochamber_Controller_JDG 
M11_Lab_Cryochamber_Switch02_JDG 
M11_Petrova_Taunt_Controller_JDG 
M11_PowerupDifficulty_Manager_JDG 
M11_Cell_Visceroid_JDG 
M11_Cell_Mutant02_JDG 
M11_Cell_Mutant01_JDG 
M11_ObeliskBattle_Contoller_JDG 
M11_SimpleSydney_Script_JDG 
M11_Sydney_SandM_Sydney_Bone_JDG 
M11_Sydney_SandM_Wall_Script_JDG 
M11_Sydney_SandM_Chair_Script_JDG 
M11_Sydney_SandM_Machine_Script_JDG 
M11_Cinematic_Petrova_Script_JDG 
M11_Cinematic_Havoc_Script_JDG 
M11_Flyover_Contoller_JDG 
M11_Barracks_MutantUprising_Mutant02_JDG 
M11_Barracks_MutantUprising_Mutant01_JDG 
M11_Barracks_MutantUprising_BlackhandGuy_JDG 
M11_PowerCore_TriggerPetrova_EnterZone_JDG 
M11_Start_FirstMidtro_Zone_JDG 
M11_Okay_ToPlay_MidtroZone_JDG 
M11_Level03Key_Script_JDG 
M11_Petrova_Script_JDG 
M11_Barracks_Visceroid_Morpher_JDG 
M11_Barracks_Visceroid_KeyCarrier_JDG 
M11_Barracks_Visceroid_JDG 
M11_AblesTomb_TalkZone_JDG 
M11_CABAL_Babble_Contoller_JDG 
M11_KaneRoom_KaneEncounter_Hologram_JDG 
M11_KaneRoom_KaneEncounter_Kane_JDG 
M11_KaneRoom_KaneEncounter_Zone_JDG 
M11_Floor01_InitialPatrol_Right01_JDG 
M11_Floor01_InitialPatrol_Left01_JDG 
M11_SecondHolograph_EntryZone_JDG 
M11_Temple_Hologram_01_JDG 
M11_BattleStationAlpha_HavocEncounter_KaneHead_JDG 
M11_BattleStationAlpha_CommanderEncounter_KaneHead_JDG 
M11_Temple_Hologram_Controller_JDG 
M11_Temple_Commander_JDG 
M11_SecurityCamera_JDG 
M11_End_Third_Objective_Zone_JDG 
M11_Theres_Sydney_Zone_JDG 
M11_CeilingRepeller_JDG 
M11_CeilingRepellers_RopeB_JDG 
M11_CeilingRepellers_RopeA_JDG 
M11_CeilingRepellers_Controller_JDG 
M11_Seths_Room_Conversation_Zone_JDG 
M11_Laboratory_Mutant_JDG 
M11_Laboratory_Scientist_JDG 
M11_Lab_Cryochamber_Switch01_JDG 
M00_MutantHeal_Script_JDG 
M11_KanesRoom_SecurityZone_JDG 
M11_KanesRoom_SecurityTurret_JDG 
M11_End_Mission_Switch_JDG 
M11_Start_Fifth_Objective_Zone_JDG 
M11_Start_Third_Objective_Zone_JDG 
M11_End_First_Objective_Zone_JDG 
M11_NukeSilo_Protector_JDG 
M11_PowerCore_EntryZone_JDG 
M11_PowerCore_Powerup_Zone_JDG 
M11_PowerCore_Initial_StealthSoldier_JDG 
M11_PowerCore_StealthSoldier_JDG 
M11_PowerCore_StealthSoldier_Group2_JDG 
M11_PowerCore_WanderingMutantSpawner_JDG 
M11_PowerCore_WanderingMutant_JDG 
M11_MutantCrypt_Spawner02_Guy_JDG 
M11_MutantCrypt_Spawner03_Guy_JDG 
M11_MutantCrypt_Spawner04_Guy_JDG 
M11_MutantCrypt_Spawner05_Guy_JDG 
M11_MutantCrypt_Spawner06_Guy_JDG 
M11_Mutant_Crypt_Spawners_Controller_JDG 
M11_Turn_On_Mutant_Crypt_Spawners_Zone_JDG 
M11_Cryochamber_DestroyedSimple_JDG 
M11_Mutant_ShatterGlass_JDG 
M11_Mutant_TrajectoryBone_JDG 
M11_Laboratory_EntryZone_JDG 
M11_Barracks_LivingQuarters_T16_EntryZone_JDG 
M11_Barracks_ToiletMutant02_JDG 
M11_Barracks_ToiletMutant01_JDG 
M11_Barracks_LivingQuarters_T13_EntryZone_JDG 
M11_Barracks_MutantConversationGuy_02_JDG 
M11_Barracks_MutantConversationGuy_01_JDG 
M11_Barracks_LivingQuarters_T15_EntryZone_JDG 
M11_Barracks_LivingQuarters_T17_EntryZone_JDG 
M11_Barracks_ShowerStealthSoldier_JDG 
M11_Barracks_LivingQuarters_T14_EntryZone_JDG 
M11_Barracks_TechnicianConversation_Tech_JDG 
M11_Barracks_TechnicianConversation_Blackhand_JDG 
M11_Barracks_LivingQuarters_T18_EntryZone_JDG 
M11_Barracks_Scientist_JDG 
M11_Barracks_LivingQuarters_T19_EntryZone_JDG 
M11_Barracks_MutantReject_JDG 
M11_Barracks_LivingQuarters_T20_EntryZone_JDG 
M11_Barracks_SpawnedDude_JDG 
M11_Barracks_SpawnerController_JDG 
M11_WarRoom_ExitZone_JDG 
M11_WarRoom_SpawnedDude_JDG 
M11_WarRoom_BattleController_JDG 
M11_WarRoom_SecurityTurret_JDG 
M11_WarRoom_StationaryTech_JDG 
M11_WarRoom_Engineer_JDG 
M11_WarRoom_EntryZone_JDG 
M11_GreenRoom_SurpriseGuy_JDG 
M11_GreenRoom_EntryZone_JDG 
M11_WetBar_NeighborRoom_SpawnedDude_JDG 
M11_WetBar_MutantGuard_JDG 
M11_WetBar_NeighborRoom_SpawnerController_JDG 
M11_WetBar_NeighborRoom_EntryZone_JDG 
M11_MuseumLevel_Disable_Spawners_Zone_JDG 
M11_MuseumLevel_Defender_Defensive_JDG 
M11_MuseumLevel_Defender_Aggressive_JDG 
M11_MuseumLevel_Spawner_JDG 
M11_MuseumLevel_EntryZone_JDG 
M11_NetRunnerRoom_ExitZone_JDG 
M11_NetRunnerRoom_EntryZone_JDG 
M11_C130_Dropoff_Dude_JDG 
M11_C130_Dropoff_Controller_JDG 
M11_Floor01_ChaseGuy_JDG 
M11_Floor01_FireGuy_JDG 
M11_Floor01_StealthSoldier02_JDG 
M11_Floor01_StealthSoldier01_JDG 
M11_ExternalArtillery_Controller_JDG 
M11_ExternalSound_Controller_GDITroops_JDG 
M11_ExternalSound_Controller_NodTroops_JDG 
M11_ExternalSound_Controller_GDITanks_JDG 
M11_ExternalSound_Controller_NodTanks_JDG 
M11_IonCannon_Guy_JDG 
M11_ExternalIonCannon_Controller_JDG 
M11_Turn_On_FirstFloor_Stuff_JDG 
M11_Turn_Off_FirstFloor_Stuff_JDG 
M11_FirstFloor_Stuff_Controller_JDG 
M11_Floor01_SecurityTurret_JDG 
M11_Floor01_SecurityTurrets_Controller_JDG 
M11_Mission_Controller_JDG 
M11_KeyCard_01_Carrier_JDG 
M11_VoltRifle_Script_JDG 
M11_VoltRifle_Monitor_Script_JDG 
M11_VoltRifleGuy_Script_JDG 
M10_KaneHead2_DME 
M10_KaneHead_DME 
M10_Holograph_EntryZone2_DME 
M10_Holograph_EntryZone_DME 
M10_Lv2_KeyCarrier 
M10_NBase_Damage_Modifier Damage_multiplier:float
M10_NBase_Attacked 
M10_SoldierPoke 
M10_HON_KillPrevention 
M10_Radar_UnScramble 
M10_Radar_Scramble 
M10_Pokeable_Item_OnePoke 
M10_Ssm_Trigger 
M10_Con_Yard_Repair RepairSpeed=1:float
M10_Occupied 
M10_Humm_SAMIgnore 
M10_Mrls_Waypath 
M10_Mrls_Grant 
M10_Turret_Killed 
M10_Helipad_Destroyed PadNumber:int
M10_Sam_Killed SamNumber:int
M10_Conversation_Zone Conv_Num:int
M10_Flyover_Controller 
M10_Playertype_Nod 
M10_Refinery_Keycard 
M10_Obelisk_MCT 
M10_Nod_Obelisk 
M10_Stealth_Attack_02 
M10_Stealth_Attack_01 
DME_Cinematic_Zone 
M10_Stealth_Drop 
M10_Helipad_Killed 
M10_Hon_Killed 
M10_Mammoth_Grant_Controller 
M10_Spacecraft_Check 
M10_ConYard_Key_Grant 
M10_Gate_Check Objective:int, Gate1:int, Gate2:int
M10_Refinery_Key_Grant 
M10_SAM_Reinforce 
M10_GDI_Reinforcement 
M10_GDI_Reinforcement_Waypath 
M10_TestStealth 
M10_Stationary 
M10_Mammoth_Activate_Zone 
M10_Mammoth_Target_Destruction Target_Number:int
M10_Mammoth_Attack 
M10_Gate_Test 
M10_ComCenter_Spawn_Zones Zone_Number:int
M10_PowerPlant_Spawn_Zones Zone_Number:int
M10_Refinery_Spawn_Zones Zone_Number:int
M10_HON_Spawn_Zones Zone_Number:int
M10_Home_Point Radius=5.0:float
M10_Stealth 
M10_Vehicle_Attack_02 
M10_Ion_Cannon_Detector 
M10_Light_Tank 
M10_Cargo_Plane_Dropoff 
M10_Reinforcement_Chinook Controller_ID:int
M10_No_More_Parachute 
M10_Chinook_ParaDrop Preset:string
M10_Reinforcement_Controller 
M10_Apache Area:int
M10_Apache_Controller 
M10_Destroy_Self 
M10_Destroyed_Turret 
M10_Turret 
M10_Obelisk 
M10_Silo_Controller 
M10_Silo 
M10_Airstrip 
M10_Refinery 
M10_Hand_Of_Nod 
M10_Comm_Center 
M10_Con_Yard 
M10_Power_Plant 
M10_Turret_Tank CheckBlocked=1:int
M10_Havoc_Script 
M10_Ion_Cannon 
M10_Objective_Controller 
M09_PSuitAnim 
M09_Mobius_OnFollow 
M09_Attack_Blocked_False 
M09_Elevator_Exit Mobius_exit_goto:int
M09_Destroy_Zone 
M09_Level10Key 
M09_Camera_Activate Camera0=0:int, Camera1=0:int, Camera2=0:int, Camera3=0:int, Camera4=0:int
M09_Innate_Activate Target0=0:int, Target1=0:int, Target2=0:int, Target3=0:int, Target4=0:int, Target5=0:int, Target6=0:int, Target7=0:int, Target8=0:int, Target9=0:int
M09_KeyCard_Zone 
M09_Destroy_Self_Zone 
M09_Scientist_Cower 
M09_Ambient_Clutter 
M09_Lab_Powerup Target:int
M09_Zone_Destroy 
M09_Innate_Enable_Zone SoundProjector:int, Radius=7.0:float, Total_Enemies:int
M09_Innate_Disable 
M09_Mobius_Goto GotoObject:int
M09_Gunner 
M09_Evac_Helicopter Gunner:int
M09_Evac_Bone 
M09_Evac_Transport 
M09_Weather_Off 
M09_Weather_On 
M09_Flyover_Recycle 
M09_Flyover_Controller 
M09_No_Obj_Damage 
M09_Zone_Enabled_Mobius Waypath_id:int, Condition=0:int
M09_Damage_Modifier Damage_multiplier:float
M09_Mutant_Encounter_Controller 
M09_Waypath_Run Waypath_num:int, Attacker_num:int, Controller_num:int
M09_Mutant_Attack Target_num:int
M09_Block_Off 
M09_Elevator_All_Controller Waypoint_num:int, Elev_obj_num:int, Anim_num:int, Direction = 0:int, Mobius_exit_goto:int
M09_Elevator_All_Zone Controller_num:int
M09_Elevator_Movement_Zone Direction:int, Anim_num:int, Elev_obj_num:int
M09_Invincible_MrShuman 
M09_MrShuman_Zone 
M09_Key_Box 
M09_Key_Controller_Zones 
M09_Containment_Key_2 
M09_Containment_Key_1 
M09_Lab_Key_Controller 
M09_Key_Grant 
M09_Mutant_Path_02 
M09_Mutant_Path_01 
M09_Cryo_Mutant_Zone_01 
M09_Flamer_Attack_Zone 
M09_Custom_Attack 
M09_Mutant_Excavation_Zone_01 
M09_Unteamed 
M09_Sam_Controller 
M09_Sam_Counter 
M09_Explosion_Zone_Tunnel01 
M09_Explosion_Zone_Lab02 
M09_Explosion_Zone_Lab01 
M09_Mutant 
M09_Immobile 
M09_First_Mutant_Encounter 
M09_First_Mutant_Encounter_Zone 
M09_Chinook_ParaDrop Preset:string
M09_CheckpointA_Counter 
M09_CheckpointA_Controller 
M09_Entrance_Zone 
M09_Excavation_Tunnel_3 
M09_Tunnel_Spawner_383_381 
M09_Tunnel_Spawner_384_382 
M09_Tunnel_Spawner_356 
M09_Tunnel_Spawner_354 
M09_Tunnel_Spawner_357 
M09_Vehicle_Attack_03 
M09_Excavation_Tunnel_Controller 
M09_Excavation_Tunnel_Encounter_Off 
M09_Excavation_Tunnel_Encounter_On 
M09_Sam_Engineer_2 
M09_Sam_Engineer_1 
M09_Vehicle_Attack_02 
M09_Vehicle_Attack_01 
M09_Stationary_StealthTank 
M09_Stealth_Tank_Pilot 
M09_Nod_Damage_Mod_10 
M09_Mutant_Damage_Mod_50 
M09_Mutant_Damage_Mod_10 
M09_Mutant_Ambush_Zone_01 
M09_Home_Location_10 
M09_Stationary_Nod 
M09_Stationary Reward_override=0:int
M09_Mobius_Follow 
M09_Mobius_Initial_Conversation 
M09_LabRoom_Controller 
M09_Animating_Mutant Animation=0:int
M09_LabRoom_Zones Mutant_Num:int, Mutant_Goto:int
M09_Evac_Point_Objective 
M09_Surface_Objective 
M09_Mobius_Suit_Objective 
M09_Havoc_Script 
M09_Objective_Controller 
M08_DataDisc_02_DLS 
M08_DataDisc_01_DLS 
M08_KaneHead 
M08_Enable_KaneConversation 
M08_Prisoner_Poke_Conversation 
M08_Enable_Stealth On=1:int
M08_Immortal_Star_DLS 
M08_Elevator_Movement_Zone Direction:int, Anim_num:int, Elev_obj_num:int
M08_Prisoner_Conversation Orator_ID=0:int, Captive=0:int
M08_Activate_Midtro 
M08_Free_Jailed_Mutants 
M08_Mutant_Behavior 
M08_Mobile_Apache Entrance_Path_ID=0:int, Helipad_ID=0:int
M08_Apache Area:int
M08_Apache_Controller 
M08_Facility_Scientist Loc1_ID=0:int, Loc2_ID=0:int, Loc3_ID=0:int, Animation:string, Spawner_ID=0:int
M08_Activate_Excavation 
M08_Flyover_Controller 
M08_Mobile_Vehicle CheckBlocked=1:int, Attack_Loc0=0:int, Attack_Loc1=0:int, Attack_Loc2=0:int, Attack_Loc3=0:int, Attack_Loc4=0:int, Attack_Loc5=0:int, Attack_Loc6=0:int, Attack_Loc7=0:int, Attack_Loc8=0:int, Attack_Loc9=0:int, Attack_Loc10=0:int
M08_Move_Sakura Movement_Loc=0:int
M08_Nod_Warden 
M08_Activate_Sakura 
M08_Sakura 
M08_Free_Prisoners_Zone Prisoner1_ID=0:int, Prisoner2_ID=0:int, Prisoner3_ID=0:int, Prisoner4_ID=0:int
M08_Unarmed_Prisoner Exit_Cell_ID=0:int, Weapon_Loc_ID=0:int
M08_Lower_Cavern_Buggy 
M08_Cavern_Gun_Emplacement 
M08_Cavern_Tunnel_APC 
M08_Cavern_APC Waypath_ID=0:int
M08_Custom_Activate Controller_ID=0:int
M08_Cavern_Controller 
M08_Facility_Scientist_Inactive Point1_ID=0:int, Point2_ID=0:int, Point3_ID=0:int, Controller_ID=0:int
M08_Cavern_Entrance_Truck 
M08_Activate_Cavern_Entrance_Truck 
M08_Reinforcements_Inactive Controller_ID=0:int
M08_Reinforcements_Active Controller_ID=0:int
M08_Observatory_Dome_Controller 
M08_Scientist Controller_ID=0:int
M08_Patrol_Inactive Waypath_ID=0:int, Waypath_Loc:Vector3, Controller_ID=0:int
M08_Facility_APC 
M08_Deactivate_Petra_C 
M08_Activate_Petra_C 
M08_Petra_C_Helo Unit_ID=0:int
M08_Petra_C_Unit Unit_ID=0:int
M08_Petra_C_Controller 
M08_Deactivate_Petra_B 
M08_Activate_Petra_B 
M08_Petra_B_Helo Unit_ID=0:int
M08_Petra_B_Unit Unit_ID=0:int
M08_Petra_B_Controller 
M08_Deactivate_Petra_A 
M08_Activate_Petra_A 
M08_Petra_A_Helo Unit_ID=0:int
M08_Petra_A_Unit Unit_ID=0:int
M08_Petra_A_Controller 
M08_Nod_Buggy_Dec 
M08_Homepoint Homepoint_ID=0:int
M08_Basketball_Gun_Emp 
M08_Basketball_Court_Controller 
M08_Activate_Innate Unit_ID1=0:int, Unit_ID2=0:int, Unit_ID3=0:int, Unit_ID4=0:int, Unit_ID5=0:int, 
M08_Innate_Control 
M08_Warden_Announcement2 
M08_Warden_Announcement1 
M08_Encounter_Unit Waypath_ID=0:int, Priority=0:int, Suicide=0:int, Stationary_at_End=0:int
M08_Deactivate_Encounter Activate_Zone=0:int
M08_Activate_Encounter Spawner_ID1=0:int, Spawner_ID2=0:int, Spawner_ID3=0:int, Spawner_ID4=0:int, Spawner_ID5=0:int, Spawner_ID6=0:int
M08_Facility_Vehicle_Dec 
M08_Facility_Tank Waypath_ID=0:int
M08_Facility_Go_Point Point1_ID=0:int, Point2_ID=0:int
M08_Facility_Patrol Waypath_ID=0:int, Waypath_Loc:Vector3
M08_Research_Station_B 
M08_Research_Station_A 
M08_Tiberium_Cultivation_MCT 
M08_Excavation_Mechanism 
M08_PetraA25_Patrol Waypath_ID=0:int, Waypath_Loc:Vector3
M08_PetraA25_Tank 
M08_PetraA25_Controller 
M08_Archaelogical_Site_Tomb 
M08_Archaelogical_Site_Buggy 
M08_Archaelogical_Site_Controller 
M08_Archaelogical_Reinforcements Unit_ID=0:int
M08_Archaelogical_Site_Patrol Waypath_ID=0:int, Waypath_Loc:Vector3, Unit_ID=0:int
M08_Nod_Stealth_Tank 
M08_Nod_Light_Tank 
M08_Player_Stealth_Tank 
M08_Destroy_Stealth_Trap 
M08_Activate_Stealth_Trap 
M08_Activate_Convoy Param=0:int
M08_Petra_Convoy 
M08_PetraA22_Stealth_Tank 
M08_Activate_PetraA22 
M08_Activate_PetraA21 
M08_PetraA21_Buggy 
M08_APC_Soldier APC_ID=0:int
M08_Prison_Controller 
M08_GDI_Free_Prison Soldier_ID=0:int
M08_Prison_Apache 
M08_Nod_Turret 
M08_Nod_Gun_Emplacement 
M08_Sniper Waypath_ID=0:int, Waypath_Loc:Vector3
M08_Prison_Storage_Guard 
M08_Cell_Controller 
M08_Nod_Prison_Unit 
M08_Reinforcement_Prisoner 
M08_Initial_Prisoner Reinforcment_ID=0:int
M08_Prison_Patrol Waypath_ID=0:int, Waypath_Loc:Vector3
M08_Raveshaw 
M08_Helipad 
M08_Activate_Objective_806 
M08_Activate_Objective_804 
M08_Activate_Objective_803 
M08_Activate_Objective_802 
M08_Havoc_DLS 
M08_Objective_Controller 
M07_Hotwire_Dead 
M07_Hotwire_Help 
M07_DataDisc_02_DLS 
M07_DataDisc_01_DLS 
M07_SSM_Crate 
M07_Park_Stealth_Tank 
M07_Obelisk_Unit 
M07_SSM_Unit 
M07_Bridge_Overlook_Apache 
M07_Custom_Activate Object1_ID=0:int, Object2_ID=0:int, Object3_ID=0:int,
M07_Alley_Vehicle Waypath_ID=0:int
M07_Deadeye_Nod_Chinook 
M07_Inn_Evac_Helicopter 
M07_Inn_Evac_Trajectory 
M07_Inn_Evac_Rope 
M07_Climb_Rope 
M07_Inn_Evac_Climb Dead6_ID=0:int
M07_Inn_Evac 
M07_Playertype_Neutral 
M07_Player_Rocket_Emplacement 
M07_Move_Hotwire Move_Loc=0:int
M07_Move_To_Evac 
M07_Disable_Hibernation 
M07_Activate_Flyover Text_File:string
M07_Flyover_Controller 
M07_Deactivate_Para_Drop 
M07_Activate_Para_Drop 
M07_Para_Drop_Unit Unit_ID=0:int
M07_Para_Drop_Zone Zone_ID=0:int
M07_Para_Drop_Controller 
M07_E10_Tank 
M07_Activate_E10_Tank_Drop 
M07_Bridge_Civ Waypath_ID=0:int
M07_Activate_Bridge_Civ 
M07_APC_Dec_Soldier APC_ID=0:int
M07_APC_Dec 
M07_Hostage_Taker Waypath_ID=0:int
M07_Hostage 
M07_Hostage_Controller 
M07_Fuel_Barrel 
M07_Activate_Hostage_Encounter 
M07_Triangle_Unit 
M07_Triangle_Controller 
M07_Triangle_Guard APC_ID=0:int
M07_Triangle_APC_Soldier APC_ID=0:int
M07_Triangle_APC 
M07_Relocate_Triangle_Apache 
M07_Triangle_Apache 
M07_Activate_Triangle_Apache 
M07_V01_Unit 
M07_Nod_Recon_Bike_Dec 
M07_Nod_Buggy_Dec 
M07_V01_Destroyed_Flame_Tank 
M07_V01_Controller 
M07_Deactivate_V01 
M07_Activate_V01 
M07_Inn_Balcony_Sniper APC_ID=0:int
M07_Inn_APC_Soldier APC_ID=0:int
M07_Inn_APC 
M07_Nod_Inn_Light_Tank_Dec APC_ID=0:int
M07_Nod_Light_Tank_Dec Attack_ID0=0:int, Attack_ID1=0:int, Attack_ID2=0:int
M07_Activate_V05 
M07_V05_Unit Stationary=0:int
M07_V05_Officer 
M07_V05_Controller 
M07_Encounter_Unit Waypath_ID=0:int, Priority=0:int, Suicide=0:int, Stationary_at_End=0:int
M07_Deactivate_Encounter Activate_Zone=0:int
M07_Activate_Encounter Spawner_ID1=0:int, Spawner_ID2=0:int, Spawner_ID3=0:int, Spawner_ID4=0:int, Spawner_ID5=0:int, Spawner_ID6=0:int
M07_Park_Zone Zone=0:int
M07_Nod_Obelisk_MCT 
M07_Nod_Obelisk 
M07_Park_SSM 
M07_Park_Controller 
M07_Stockpile_Engineer 
M07_Stockpile_Controller 
M07_Stockpile_Object 
M07_Biohazard_Barrel 
M07_Vehicle_Drop_Zone Zone_ID=0:int
M07_Vehicle_Drop_Controller 
M07_Player_Vehicle 
M07_Activate_Present 
M07_Captured_Civ_Resist 
M07_Prisoner_Gate 
M07_TownSquare_Gun_Emp 
M07_Deactivate_TownSquare_Chinook 
M07_TownSquare_Controller 
M07_TownSquare_Unit Spawn_ID=0:int, Waypath_ID=0:int
M07_Radar_Engineer Radar_ID=0:int
M07_Mobile_Radar 
M07_Destroyed_SAM_Site 
M07_SAM_Site_Logic 
M07_Activate_Objective_710 
M07_Activate_Objective_708 
M07_Activate_Objective_707 
M07_Activate_Objective_706 
M07_Activate_Objective_705 
M07_Activate_Objective_704 
M07_Inn_Apache 
M07_Fancy_Inn_Controller 
M07_SAM_Truck_100679 
M07_SAM_Truck_100680 
M07_Fancy_Inn_Sam 
M07_Activate_Hotwire 
M07_Evac_Site_Soldier APC_ID=0:int
M07_Evac_Site_APC_Soldier APC_ID=0:int
M07_Evac_Site_APC 
M07_Evac_Site_Controller 
M07_Nod_Gun_Emplacement 
M07_Out_Nuke_Blast 
M07_In_Nuke_Blast 
M07_Cathedral_Controller 
M07_Sydney 
M07_Dead6_Engineer 
M07_Sydney2 
M07_Dead6_Rocket_Soldier2 
M07_Dead6_MiniGunner2 
M07_Dead6_Grenadier2 
M07_Dead6_Grenadier 
M07_Dead6_Rocket_Soldier 
M07_Dead6_Minigunner 
M07_Havoc_DLS 
M07_Objective_Controller 
M06_Enable_Alarm_Objective 
M06_DataDisc_01_DLS 
M06_Clear_For_Mendoza 
M06_Activate_MidtroC 
M06_Collapse_Zone Zone_ID=0:int
M06_Move_Sydney Move_Loc=0:int
M06_Servant_Behavior Loc1_ID=0:int, Loc2_ID=0:int, Loc3_ID=0:int, Animation=S_A_HUMAN.H_A_A0F0:string
M06_Thunder_Unit 
M06_Drop_Thunder_Squad 
M06_Flyover Flyover_ID=0:int
M06_Activate_Flyovers Active=0:int
M06_Flyover_Controller 
M06_Courtyard_Apache 
M06_North_Barracks_Unit 
M06_Enable_North_Barracks 
M06_South_Barracks_Unit 
M06_Enable_South_Barracks 
M06_Bathroom_Unit 
M06_Barracks_Mess_Unit 
M06_Enable_Barracks_Mess 
M06_Enable_Bathroom 
M06_Enable_Courtyard 
M06_Courtyard_Unit 
M06_Officers_Mess_Unit 
M06_Enable_Officers_Mess 
M06_KaneHead 
M06_Enable_WarRoom 
M06_WarRoom_DoorGuard 
M06_Enable_Warroom_DoorGuard 
M06_WarRoom_Bodyguard_DLS 
M06_WarRoom_Officer_DLS 
M06_Enable_Floor2_Conference 
M06_Floor2_Conference_Unit 
M06_Enable_Floor2_Library 
M06_Floor2_Library_Unit 
M06_Floor2_Bedroom_Unit 
M06_Enable_Floor2_Bedroom 
M06_Enable_Floor1_Bedroom 
M06_Floor1_Bedroom_Unit 
M06_Enable_Floor1_Library 
M06_Floor1_Library_Unit 
M06_Greenhouse_Shaft_Unit 
M06_Assistance_Farmer_DLS 
M06_Resistance_Raider_DLS 
M06_Havoc_DLS 
M06_Barracks_Eagle 
M06_Hedgemaze_Eagle 
M06_Courtyard_Eagle 
M06_Alarm_Engineer 
M06_Enable_Lab 
M06_Enable_Greenhouse 
M06_Enable_Interior 
M06_Enable_Barracks 
M06_Enable_Hedgemaze 
M06_Enable_Exterior_Courtyard 
M06_Apply_Damage 
M06_Interior_Controller 
M06_Barracks_Controller 
M06_Hedgemaze_Controller 
M06_Courtyard_Controller 
M06_Nod_Tower 
M06_Lab_Guard 
M06_Barracks_Patrol 
M06_Lab_Patrol Waypath_ID=0:int, Waypath_Loc:Vector3
M06_Interior_Patrol Waypath_ID=0:int, Waypath_Loc:Vector3
M06_Hedgemaze_Patrol Waypath_ID=0:int, Waypath_Loc:Vector3
M06_Courtyard_Patrol Waypath_ID=0:int, Waypath_Loc:Vector3
M06_Tower_Patrol Waypath_ID=0:int, Waypath_Loc:Vector3
M06_Alarm_Terminal_DLS 
M06_Alarm_Switch 
M06_Alarm_Behavior Alarm_Enemy_Seen=0.0:float, Alarm_Damaged=0.0:float
M06_Alarm_Controller 
M06_Escort_Tank 
M06_Gate_Guards Soldier_ID=0:int
M06_Enable_Guard_Tower 
M06_Civ_Prisoner 
M06_Activate_Secret_Door Secret_Door_ID=0:int
M06_GDI_Prisoner 
M06_Mendoza 
M06_Destruction_Stub 
M06_Activate_Midtro 
M06_MidtroB_Explosion_Controller Loc0_ID=0:int, Loc1_ID=0:int, Loc2_ID=0:int, Loc3_ID=0:int, Loc4_ID=0:int
M06_Sydney_Mobius 
M06_WarRoom_Computer 
M06_Objective_Controller 
M05_DataDisc_01_DLS 
M05_Resistance_Poke_Conversation 
M05_Inn_APC 
M05_APC_Deploy_Soldier APC_ID=0:int
M05_APC_Deploy Preset:string, Soldier_Qty=0:int, Fire_Gun=1:int
M05_Barrel_Explosion 
M05_X5N_MIDTRO_B 
M05_Cathedral_Artillery Fire_Loc1=0:int, Fire_Loc2=0:int
M05_Swap_Artillery Artillery_ID=0:int
M05_Activate_Execution 
M05_Aggressiveness_Take_Cover Aggessiveness=0.0:float, Take_Cover=0.0:float
M05_Activate_Triangle_Tank_Drop 
M05_Activate_Truck_Spill 
M05_Activate_ApacheStrike Strike_Loc_ID=0:int
M05_Activate_Artillery Artillery_ID1=0:int, Artillery_ID2=0:int, Artillery_ID3=0:int
M05_Surprise_Unit 
M05_Activate_Surprise Spawner_ID1=0:int, Spawner_ID2=0:int, Spawner_ID3=0:int
M05_Hotwire_Conversation 
M05_Dead6_Help Message_ID=0:int
M00_InnateIsStationary 
M05_Flyover_Controller 
M05_Explode_Debris 
M05_Building_Debris 
M05_Activate_Roadblock_Tank 
M05_Roadblock_Unit Unit_ID=0:int
M05_Roadblock_Controller 
M05_Vehicle_Dec 
M05_Cache_Surprise 
M05_Cathedral_Para_Unit Soldier_ID=0:int
M05_Cathedral_Apache Apache_ID=0:int
M05_Cathedral_Controller 
M05_Entrapment_Mendoza 
M05_Activate_Entrapment_Civ 
M05_Execution_Nod 
M05_Execution_Civilian 
M05_Surprise_Tank 
M05_Activate_Surprise_Tank 
M05_Apc_Drop_Zone_DME 
M05_Apc_Drop_DME 
M05_Inn_Controller 
M05_Inn_Tank 
M05_Deactivate_Alley_Sprint 
M05_Alley_Sprint 
M05_SniperAlley_Sniper Sniper_ID=0:int
M05_Dump_Controller 
M05_Dump_Unit Unit_ID=0:int
M05_Dump_Captives 
M05_Free_Dump_Captives 
M05_Cache_Unit 
M05_Cache_Controller 
M05_Nod_APC 
M05_Overlook_Civ 
M05_Overlook_Nod 
M05_Overlook_Controller 
M05_Free_Overlook_Captives 
M05_Overlook_Captives 
M05_Nod_Bridge_Gun_Emplacement 
M05_Nod_Gun_Emplacement 
M05_TownSquare_FlameTank Unit_ID=0:int
M05_TownSquare_Unit Unit_ID=0:int
M05_TownSquare_Controller 
M05_TownSquare_Sniper 
M05_Triangle_Controller 
M05_Triangle_Unit Unit_ID=0:int
M05_Civ_Lead 
M05_Civ_Warn 
M05_Mendoza4 
M05_Entrapment_Technician 
M05_Activate_Nuke_Encounter 
M05_Mendoza3 
M05_FleeEngineer 
M05_ParkEngineer 
M05_Park_Buggy 
M05_ParkSniper 
M05_Park_Apache 
M05_Park_Controller 
M05_Park_Activate 
M05_Babushka_Guard 
M05_Babushka 
M05_Activate_Babushka_Encounter 
M05_Heal_Dead6 
M05_Activate_Deadeye 
M05_Escapee_Windows 
M05_Escapee_Invaders 
M05_Escapee_Brother 
M05_Chateau_Escapee 
M05_Chinook_Supply_Cache 
M05_Cache_Assault 
M05_Cache_Escort 
M05_Enable_Overlook 
M05_Bridge_Tank 
M05_TownSquare_Tank 
M05_Triangle_Tank 
M05_Building_Collapse 
M05_Mendoza 
M05_DEAD6_Grenadier 
M05_DEAD6_MiniGunner 
M05_DEAD6_Rocket_Soldier 
M05_DEAD6_Rocket_Soldier2 
M05_DEAD6_Engineer2 
M05_DEAD6_Engineer 
M05_Activate_Objective_510 
M05_Activate_Objective_509 
M05_Activate_Nod_Apc 
M05_Activate_Objective_508 
M05_Activate_Objective_507 
M05_Activate_Objective_504 
M05_Activate_Objective_502 
M05_Activate_Objective_501 
M05_Havoc_DLS 
M05_Objective_Controller 
M04_Objective_Reminder_Controller_JDG 
M04_PlaySound_OnZoneEntry_OneTime_JDG SoundName:string
M04_BigSam_Script_JDG 
M04_BigSam_EntryZone_JDG 
M04_TorpedoRoom_EnterZone_JDG 
M04_Start_TorpedoObjective_Zone_JDG 
M04_Pog_Controller_JDG 
M04_TorpedoRoom_Target02_JDG 
M04_TorpedoRoom_Target01_JDG 
M04_Mutant_UpdateDisc_JDG 
M04_Firefight_RallyZone 
M04_Firefight_Controller_JDG 
M04_Firefight_Prisoner 
M04_CargoHold_Stationary_Officer_JDG 
M04_ApacheRoom_Apache_JDG 
M04_Apache_GoBackToHangar_EntryZone_JDG 
M04_ApacheRoom_Second_EntryZone_BottomFloor_JDG 
M04_ApacheRoom_Second_EntryZone_MiddleFloor_JDG 
M04_ApacheRoom_Second_EntryZone_TopFloor_JDG 
M04_EngineRoom_Target04_JDG 
M04_EngineRoom_Target03_JDG 
M04_EngineRoom_Target02_JDG 
M04_EngineRoom_Target01_JDG 
M04_MissileRoom_Target04_JDG 
M04_MissileRoom_Target03_JDG 
M04_MissileRoom_Target02_JDG 
M04_MissileRoom_Target01_JDG 
M04_EngineRoom_SniperScript_JDG 
M04_Announce_Keycard_02_Objective_Zone_JDG 
M04_MissileRoom_ObjectiveZone_JDG 
M04_Prisoners_Rescued_Controller_JDG 
M04_MedLab_Tech_JDG 
M04_Prison_Warden_JDG 
M04_Ships_FirstMate_JDG 
M04_Ships_Captain_JDG 
M04_Keycard_03_Script_JDG 
M04_Keycard_02_Script_JDG 
M04_Keycard_01_Script_JDG 
M04_Visceroid_Dude_02_JDG 
M04_Visceroid_Dude_01_JDG 
M04_Visceroid_JDG 
M04_TibHold_Mutant_NoThreat_JDG 
M04_TibHold_MutantChamber_NoThreat_JDG 
M04_TibHold_MutantChambers_Controller_JDG 
M04_TibHold_RealMutant_JDG 
M04_TibHold_SimpleMutant_JDG 
M04_TibHold_MutantChamber_JDG 
M04_TiberiumHold_EntryZone_and_Controller_JDG 
M04_Prison_Keycard_CheckZone_JDG 
M04_Cooks_Script_JDG 
M04_Front_ofThe_Boat_Population_JDG 
M04_Hunter_JDG 
M04_Hunter_Controller_JDG 
M04_Doorway_Enterer_JDG first_location:vector3
M04_Catwalk_Enter_Zone_02_JDG 
M04_Catwalk_Enter_Zone_01_JDG 
M04_EngineRoom_Stationary_Tech_JDG Console_ID :int
M04_RocketEmplacement_02_JDG 
M04_SecondaryApache02_JDG 
M04_SecondaryApache01_JDG 
M04_RocketEmplacement_01_JDG 
M04_EnterCargoBay_TopLeft_Zone_JDG 
M04_EnterCargoBay_BottomRight_Zone_JDG 
M04_PostFirstMate_FrontDeck_PatrolGuy02_JDG 
M04_PostFirstMate_FrontDeck_PatrolGuy01_JDG 
M04_PostFirstMate_OfficerQuarters_PatrolGuy_JDG 
M04_PostFirstMate_MissileRoom_PatrolGuy_JDG 
M04_PostFirstMate_SamRoom_PatrolGuy_JDG 
M04_Firefight_NodGuys 
M04_Firefight_Start_Battle_Music_JDG 
M04_GruntMessHall_Entry_Zone_JDG 
M04_GruntMessHall_Exit_Zone_JDG 
M04_ForeDeck_ClosetSurprise_Trigger_Zone_JDG 
M04_ForeDeck_ClosetSurprise_Guy_JDG 
M04_BH_MessHall_Guy_JDG 
M04_BH_MessHall_Trigger_Zone_JDG 
M04_Captains_Bridge_Enter_Zone_JDG 
M04_Captains_Bodyguard_Reinforcement02_JDG 
M04_Captains_Bodyguard_Reinforcement_JDG 
M04_Captains_Bodyguard_JDG 
M04_ForeDeck_Controller_JDG 
M04_ForeDeck_TorpedoRoom_Guard_JDG 
M04_ForeDeck_MapRoom_Guard02_JDG 
M04_ForeDeck_MapRoom_Guard01_JDG 
M04_ForeDeck_Reinforcement_JDG 
M04_MedLab_Enter_Zone_JDG 
M04_ForeDeck_Initial_Enter_Zone_JDG 
M04_ForeDeck_RocketGuy_JDG 
M04_ApacheRoom_Sniper02_JDG 
M04_ApacheRoom_Sniper01_JDG 
M04_ApacheRoom_Controller_JDG 
M04_Apache_Enter_Zone_JDG 
M04_Surprise_Apache_JDG 
M04_AftDeck_02_Entry_Zone_JDG 
M04_AftDeck_02_Pointguard_JDG 
M04_AftDeck_02_Blackhand_PatrolGuy_JDG 
M04_AftDeck_02_PatrolGuy_02_JDG 
M04_AftDeck_02_PatrolGuy_01_JDG 
M04_AftDeck_Reinforcement_JDG 
M04_Aft_LockerRoom_PatrolGuy02_JDG 
M04_Aft_LockerRoom_PatrolGuy01_JDG 
M04_Aft_LeftBarracks_TalkGuy_JDG 
M04_Aft_RightBarracks_PatrolGuy_JDG 
M04_Player_Is_Leaving_Aft_Deck_JDG 
M04_SecondaryBridge_Enter_Zone_JDG 
M04_Aft_FirstMateBodyguard_JDG 
M04_AftDeck_02_Controller_JDG 
M04_AftDeck_InnerSanctum_02_Entry_Zone_JDG 
M04_AftDeck_InnerSanctum_Entry_Zone_JDG 
M04_Prison_CellDoor_Zone_JDG 
M04_EngineRoom_Prisoner_03_JDG 
M04_EngineRoom_Prisoner_02_JDG 
M04_EngineRoom_Prisoner_01_JDG 
M04_EngineRoom_TalkToPrisoners_Zone_JDG 
M04_EngineRoom_Prison_Guard_02_JDG 
M04_EngineRoom_Prison_Guard_01_JDG 
M04_EngineRoom_Start_Guard_Conversation_Zone_JDG 
M04_EngineRoom_LiftEngineer_JDG 
M04_EngineRoom_PrisonLift_EnterZone_JDG 
M04_EngineRoom_ChiefEngineer_JDG 
M04_EngineRoom_BuildingController_JDG 
M04_EngineRoom_EnterZone_JDG 
M04_CargoHold_Blackhand_02_JDG 
M04_CargoHold_Blackhand_01_JDG 
M04_MissileRoom_Guard_02_JDG 
M04_MissileRoom_Guard_01_JDG 
M04_CargoHold_TalkGuy03_JDG 
M04_CargoHold_TalkGuy02_JDG 
M04_CargoHold_TalkGuy01_JDG 
M04_MissileRoom_UpperGuard_02_JDG 
M04_MissileRoom_UpperGuard_01_JDG 
M04_CargoMissileRooms_Dude_Controller_JDG 
M04_MissileRoom_EnterZone_Right_JDG 
M04_MissileRoom_EnterZone_Left_JDG 
M04_A01_PatrolGuy_01_JDG 
M04_A01_Sniper_JDG 
M04_PointGuard_JDG 
M04_Objective_Controller_JDG 
M03_DataDiscMessage 
M03_ConYardSeen 
M03_Cine_Explosion 
M03_Damage_Modifier_All Damage_multiplier:float
M03_Paratrooper_Run 
M03_Technician_Work 
M03_AggAndCover 
M10_Elevator_All_Controller 
M10_Elevator_All_Zone Controller_num:int
M03_Radar_UnScramble 
M03_Radar_Scramble 
M03_Engineer_Repair Repair_Priority=96:int
M03_Engineer_Target 
M03_Past_Pillbox 
M03_Beach_Reinforce 
M03_Killed_Sound Officer=0:int, Location=0:int
M03_KaneHead_JDG 
M03_Holograph_EntryZone_JDG 
M03_Conversation_Zone Conv_Num:int
M03_Comm_Killed 
M03_Mct_Poke 
M03_CommCenter_Arrow 
M03_PowerPlant_Warning 
M03_CommCenter_Warning 
M03_Goto_Star 
M03_Killed_Disabled_Spawner Spawner_num:int
M03_Zone_Enabled_Spawner Spawner_num:int, Control_num:int
M03_Mission_Complete_Zone 
M03_Area_Troop_Counter 
M03_Refinery 
M03_Power_Plant 
M03_Protect_The_MCT Building:int
M03_Beach_Radio 
DLS_Volcano_Stumble Debug_Mode=0:int
M03_Sakura_Explosion 
DLS_Volcano_Active Receive_Type=0:int, Receive_Param=0:int, Volcano_Timer_Id=0:int, Volcano_Delay=0.0:float, Explosion_Delay_Min=0.0:float, Explosion_Delay_Max=0.0:float, Rumble_Delay_Min=0.0:float, Rumble_Delay_Max=0.0:float, Debug_Mode=0:int
M03_Beach_Scenario_Controller 
M03_Structure_Powerup_Drop Powerup:string
M03_Destroyed_Turret 
M03_Destroyed_SAM_Site 
M03_SAM_Site_Logic 
M03_Beach_Turret 
M03_Staged_Conversation_Soldier 
M03_Staged_Conversation_1 Soldier_1_ID:int, Soldier_2_ID:int
M03_Reinforcement_Chinook Controller_ID:int
M03_No_More_Parachute 
M03_Chinook_ParaDrop Preset:string
M03_Key_Card 
M03_Officer_With_Key_Card2 
M03_Officer_With_Key_Card 
M03_Reinforce_Area 
M03_Wheres_The_Star Controller_ID:int, Type:int, Param:int
M03_Base_Harvester Tiberium_Loc:vector3, Dock_Location:vector3, Dock_Entrance:vector3, Sakura_Dest:vector3
M03_Base_Patrol WaypathID:int
M03_Inlet_Nod_Reinforcements 
M03_Big_Gun_Explosion 
M03_Tiberium_Cave_Stay_Put 
M03_Tailgun_Fodder 
M03_Tailgun_Fodder_Zone Spawner_ID_1:int, Spawner_ID_2:int, Spawner_ID_3:int
M03_Tailgun Controller_ID:int
M03_Chinook_Fodder_Creator 
M03_Destroyed_Chinook Controller_ID:int, Simple_ID:int
M03_Flyover_Controller 
M03_Alternate_Sam_Site Chinook_Controller_ID:int
M03_Intro_Substitute 
M03_Objective_Tracker 
M03_Chinook_Spawned_Soldier_GDI Area:int, Send_Type_When_Killed:int, Target_ID:int
M03_Chinook_Reinforcements Beach_Preset:string, Inlet_Preset:string, Base_Preset:string, Trigger_Count:int
M03_Beach_Soldier_GDI Number:int
M03_Inlet_Soldier_GDI Number:int
M03_Chinook_Drop_Soldiers_GDI Controller_ID:int
M03_Move_Commando_To_Start 
M03_Commando_Script Controller_ID:int
M03_Initial_Powerups 
M03_Announce_CommCenter_Controller_JDG 
M03_Announce_Refinery_Controller_JDG 
M03_Announce_PowerPlant_Controller_JDG 
M03_Ambient_Birdcall_Controller_JDG 
M03_CommCenter_SateliteDish_Controller_JDG 
RMV_Volcano_And_Lava_Ball_Creator 
RMV_M03_Comm_Center_Terminal 
M03_Outro_Cinematic 
Sakura_Killed 
M03_Gunboat_Controller_RMV Receive_Type:int, Receive_Param_For_Village:int, Receive_Param_For_Cannon:int, Beach_Destination:vector3, Village_Start:vector3, Village_Destination:vector3, Cannon_Start:vector3, Cannon_Destination:Vector3, Receive_Param_Destroy:int
RMV_Test_Big_Gun_Turning 
M03_Objective_Controller 
M02_Encyclopedia_Reveal Disk_ID:int
M02_Data_Disk Disk_ID:int
M02_Commando_Start 
M02_GDI_Helicopter 
M02_Nod_Jet_Waypath 
M02_Nod_Jet 
M02_Mendoza 
M02_Destroy_Vehicle 
M02_Approach_Vehicle Area_ID:int
M02_Nod_Sakura Area_ID:int
M02_Player_Vehicle Area_ID:int
M02_Nod_Vehicle Area_ID:int
M02_Nod_Apache Area_ID:int
M02_Stationary_Vehicle Area_ID:int
M02_GDI_Soldier Area_ID:int, Soldier_Type=0:int
M02_Nod_Convoy_Truck 
M02_Destroy_Objective Objective_ID:int
M02_Helipad 
M02_Dam_MCT 
M02_Power_Plant 
M02_Obelisk 
M02_Nod_Soldier Area_Number:int,Area_Officer:int,Pre_Placed:int
M02_Reset_Spawn Area_ID:int,Spawn_Type:int
M02_Respawn_Controller 
M02_Objective_Zone 
M02_Objective_Controller 
M01_Base_GDI_Minigunner_JDG 
M01_BackPath_EntranceZone_JDG 
M01_Duncan_InHere_ConvController_JDG 
M01_Duncan_Assailer_JDG 
M01_DataDisc_TextController_JDG 
M01_Medlab_Datadisc_JDG 
M01_Priest_Datadisc_JDG 
M01_TibCave02_Datadisc_JDG 
M01_Shed_Datadisc_JDG 
M01_TibCave01_Datadisc_JDG 
M01_Beach_Datadisc_JDG 
M01_FodderHovercraft_Script_JDG 
M01_Hovercraft_Explosion_Controller_JDG 
M01_TurretBeach_FodderHovercraft_Controller_JDG 
M01_Medium_Tank_JDG 
M01_CantBring_MediumTank_ThroughHereZone_JDG 
M01_Medium_Tank01_JDG 
M01_HON_WarroomController_JDG 
M01_Havoc_Out_WarroomZone_JDG 
M01_Havoc_In_WarroomZone_JDG 
M01_GiveMCTSpeech_Zone_JDG 
M01_HON_Chinook_Spawned_Soldier_02_GDI_JDG 
M01_HON_Chinook_Spawned_Soldier_01_GDI_JDG 
M01_HON_Escorts_Warroom_MCT_ZoneController_JDG 
M01_TurnOff_TankReminder_Zone_JDG 
M01_GuardTower02_Sniper_Target02_JDG 
M01_GuardTower02_NewSniperTarget_JDG 
M01_GuardTower02_Sniper_TowerZone_JDG 
M01_GuardTower02_Sniper_Target01_JDG 
M01_GDI_GuardTower02_SniperRifle_JDG 
M01_GDI_GuardTower_02_Enter_Zone_JDG 
M01_Announce_TankAirstrikeZone_JDG 
M01_GDI_BeachGuy01_JDG 
M01_GDIBase_POW_Conversation_Controller_JDG 
M01_Base_POW02_JDG 
M01_Base_POW01_JDG 
M01_MediumTank_ReminderZone_JDG 
M01_Base_GDI_Grenadier_JDG 
M01_GDIBase_BaseCommander_JDG 
M01_Initial_Gunboat_Script_JDG 
M01_GunboatAction_Controller_JDG 
M01_TurretBeach_Turret_01_Script_JDG 
M01_BarnArea_NOD_Commander_Trigger_Zone02_JDG 
M01_GateSwitch_Tutorial_Zone_JDG 
M01_Mainframe_Tutorial_Zone_JDG 
M01_C4_Tutorial_Zone_JDG 
M01_Nod_Truck_JDG 
M01_Base_StartZone_JDG 
M01_Base_GDI_Fodder_JDG 
M01_C130_Dropoff_Dude_JDG 
M01_ConYard_Dropoff_Dude_JDG 
M01_ConDropZone_JDG 
M01_GDIBasePOW_Air_Evac_Chopper_JDG 
M01_GDIBase_POWEncounter02_Controller_JDG 
M01_POW_Nod_Minigunner01_JDG 
M01_Base_Nod_Minigunner_JDG 
M01_GDIBaseCommander_EvacController_JDG 
M01_GDIBaseCommander_Air_Evac_Chopper_JDG 
M01_QuickSave_Zone_JDG 
M01_GDIBase_FirstChinookMinigunnerGuy_JDG 
M01_AccessDenied_Zone_JDG 
M01_Use_Ladder_Zone_JDG 
M01_C4_TutorialScript_JDG 
M01_SniperRifle_02_AirdropZone_JDG 
M01_SniperRifle_02_JDG 
M01_SniperRifle_01_Target_JDG 
M01_SniperRifle_01_JDG 
M01_Announce_First_ObjectiveZone_JDG 
M01_First_AutoRifle_JDG 
M01_RealLightTank_TriggerZone_JDG 
M01_GDIBase_RealLightTank_JDG 
M01_Airstrike_Controller_JDG 
M01_Deco_LightTanks_JDG 
M01_FP_GDIOcean_SouthNorth_Contoller_JDG 
M01_FP_GDIOcean_NorthSouth_Contoller_JDG 
M01_FP_NodBase_SouthNorth_Contoller_JDG 
M01_FP_NodBase_NorthSouth_Contoller_JDG 
M01_FP_NodBase_WestEast_Contoller_JDG 
M01_FP_NodBase_EastWest_Contoller_JDG 
M01_FP_BaseToBase_SouthNorth_Contoller_JDG 
M01_FP_BaseToBase_NorthSouth_Contoller_JDG 
M01_FP_NodBase_Dogfight_Contoller_JDG 
M01_TurretBeach_Chinook_Spawned_Soldier_NOD 
M01_TurretBeach_Engineer_JDG 
M01_Commander_Shack_Zone_JDG 
M01_CommCenter_SAMSite_Script 
M01_Comm_Center_Pen_Gate 
M01_HON_RedKey_Zone_JDG 
M01_BarnArea_EvacMonitor_JDG 
M01_Obelisk_UpdateDisc_JDG 
M01_GDI_BaseCommander_Backside_EntryZone_JDG 
M01_Barn_EntryZone_JDG 
M01_PlayerLeaving_BarnArea_Zone_JDG 
M01_PlayerEntering_BarnArea_Zone_JDG 
M01_Sinking_Gunboat_JDG 
M01_GDIBase_BackPath_NodGuy_JDG 
M01_GDIBase_LightTank_JDG 
M01_GDIBase_AI_ExitZone_JDG 
M01_KeyCard01_Script_JDG 
M01_GDIBase_LightTank_PastTunnelZone_JDG 
M01_Nod_Commander_Conversation_Controller_GDI 
M01_GDI_GuardTower_NOD_Commander_JDG 
M01_BarnArea_NOD_Commander_Trigger_Zone_JDG 
M01_PrisonPen_Civilian_JDG 
M01_PrisonPen_POW_JDG 
M01_Detention_GuardTower_Enter_Zone_JDG 
M01_TiberiumCave_UpThere_NodGuy_JDG 
M01_Tiberium_Cave_Spawn_Helicopter_Zone_JDG 
M01_Visceroid_NodGuy02_JDG 
M01_Visceroid_NodGuy01_JDG 
M01_Visceroid03_JDG 
M01_Visceroid02_JDG 
M01_Visceroid01_JDG 
M01_TibCave_StartZone_JDG 
M01_GDIBase_FirstChinookFlamethrowerGuy_JDG 
M01_TriggerZone_GDIBase_BaseCommander_JDG 
M01_GDIBaseCommander_Air_Evac_Rope_JDG 
M01_GDIBaseCommander_Air_Evac_Waypath_JDG 
M01_Evac_TroopBone_JDG 
M01_GDIBasePOW_Air_Evac_Waypath_JDG 
M01_GDIBasePOW_Air_Evac_Rope_JDG 
M01_Barn_Prisoner_03_JDG 
M01_Barn_Prisoner_02_JDG 
M01_Barn_Prisoner_01_JDG 
M01_BarnArea_Air_Evac_Chopper_JDG 
M01_BarnArea_Air_Evac_Waypath_JDG 
M01_BarnArea_Air_Evac_Rope_JDG 
M01_Church_LoveShack_Nun_JDG 
M01_Church_Interior_Nun_JDG 
M01_Church_Priest_JDG 
M01_ChurchArea_Air_Evac_Chopper_JDG 
M01_ChurchArea_Air_Evac_Waypath_JDG 
M01_ChurchArea_Air_Evac_Rope_JDG 
M01_Church_EvacController_JDG 
M01_GDIBase_FirstChinook_Script_JDG 
M01_Objective_Pog_Controller_JDG 
M01_Comm_Center_Player_Terminal_Zone 
M01_Comm_Mainframe_PogZone_03_JDG 
M01_Comm_Mainframe_PogZone_02_JDG 
M01_Comm_Mainframe_PogZone_01_JDG 
M01_Nod_GuardTower_Tailgun_JDG 
M01_HON_Dojo_Civ_01_JDG 
M01_HON_Dojo_Trainer_JDG 
M01_HON_Paintball_Team_02_JDG 
M01_HON_Paintball_Team_01_JDG 
M01_PaintballRoom_ChatterController_JDG 
M01_Comm_Center_Building_Script_JDG 
M01_Comm_Repair_Engineer_JDG 
M01_BackPath_NodGuy_JDG 
M01_Propaganda_Sounds_Controller_JDG 
M01_MovieProjector_JDG 
M01_ChurchArea_EvacMonitor_JDG 
M01_GDIBase_EvacMonitor_JDG 
M01_Barn_Truck_JDG 
M01_COMM_Chinook_Spawned_Soldier_GDI 
M01_CHURCH_Chinook_Spawned_Soldier02_GDI 
M01_CHURCH_Chinook_Spawned_Soldier01_GDI 
M01_GDI_Escort_Conversation_Controller_GDI 
M01_Church_Loveshack_InterrogationConv_Zone_JDG 
M01_Church_Guard_MiniGunner_JDG 
M01_Interior_Nun_Conversation_Zone_JDG 
M01_Loveshack_Nun_Conversation_Zone_JDG 
M01_Priest_Conversation_Zone_JDG 
M01_BuggyScript_New_JDG 
M01_BuggyNew_Controller_JDG 
M01_HON_Chinook_Spawned_Soldier_04_GDI_JDG 
M01_HON_Chinook_Spawned_Soldier_03_GDI_JDG 
M01_HON_Engineer02_JDG 
M01_HON_Escorts_Warroom_MCT_Protector02_JDG 
M01_HON_Escorts_Warroom_MCT_Protector01_JDG 
M01_HON_Escorts_Warroom_MCT_Commander_JDG 
M01_Hunt_The_Player_JDG 
M01_Nod_Chinook_Reinforcement_Guy_JDG 
M01_DetentionGDI_Air_Evac_Chopper_JDG 
M01_DetentionGDI_Air_Evac_Waypath_JDG 
M01_DetentionPen_Evac_Controller02_JDG 
M01_DetentionCiv_Air_Evac_Chopper_JDG 
M01_DetentionCiv_Air_Evac_Waypath_JDG 
M01_DetentionPen_Evac_Controller01_JDG 
M01_DetentionPen_GDIDeathMonitor 
M01_DetentionPen_CivDeathMonitor 
M01_TurretBeach_GDI_Guy_02_JDG 
M01_TurretBeach_GDI_Guy_01_JDG 
M01_BarnArea_AI_ExitZone_JDG 
M01_Barn_Talk_Guard_01_JDG 
M01_Barn_Door_Guard_JDG 
M01_Barn_Point_Guard_02_JDG 
M01_Barn_Point_Guard_01_JDG 
M01_Barn_Babushkas_Conversation_Zone_JDG 
M01_TibField_Guard01_New_JDG 
M01_HarvesterScript_New_JDG 
M01_BasalBuilding_Population_JDG 
M01_Gunboat_Spawn_Hovercraft_Zone_JDG 
M01_GuardTower_Sniper_Target_JDG wave_location:vector3,  delete_location:vector3
M01_Nod_GuardTower_03_Enter_Zone_JDG 
M01_Nod_GuardTower_02_Enter_Zone_JDG 
M01_Nod_GuardTower_01_Enter_Zone_JDG 
M01_GDI_Base_Artillery_Controller_JDG 
M01_ChurchArea_NOD_Commander_JDG 
M01_TailgunRun_NOD_Commander_JDG 
M01_Turn_on_the_Hand_of_Nod_Zone_JDG 
M01_ChurchArea_Spawner_Guy_JDG 
M01_ChurchArea_Spawner_Controller_JDG 
M01_TailgunRun_Spawner_Guy_JDG 
M01_Tailgun_Run_Spawner_Controller_JDG 
M01_GDI_Base_Spawner_Guy_JDG 
M01_GDI_Base_Spawner_Controller_JDG 
M01_GDI_Toolshed_PatrolGuy_JDG 
M01_Comm_MCT_Placeholder_JDG 
M01_HON_MCT_Placeholder_JDG 
M01_Comm_Kane_n_Havoc_Conv_Start_Zone_JDG 
M01_Comm_Base_Commander_Conv_Start_Zone_JDG 
M01_Comm_Upstairs_Guard_JDG 
M01_Comm_ComputerRoom_Tech_JDG 
M01_Comm_Stationary_Tech_JDG 
M01_Comm_Base_Commander_JDG 
M01_Civ_To_Minigunner_Guy_JDG 
M01_Tailgun_02_SpawnApache_Zone_JDG 
M01_TailGun_03_JDG 
M01_TailGun_02_JDG 
M01_TailGun_01_JDG 
M01_TailGunner_03_JDG 
M01_TailGunner_02_JDG 
M01_TailGunner_01_JDG 
M01_Player_Is_Entering_Tailgun_Alley_Backway_JDG 
M01_Player_Is_Entering_Tailgun_Alley_JDG 
M01_Tank_Entering_Tunnel_Zone_JDG 
M01_Billys_Conversation_Zone_JDG 
M01_Medium_Tank_Tunnel_Squish_Guy_JDG 
M01_Interrogation_Room_Surprise_Guy_JDG 
M01_Interrogation_Room_L03_Keycard_JDG 
M01_Right_Interrogation_Room_Enter_Zone_JDG 
M01_Left_Interrogation_Room_Enter_Zone_JDG 
M01_Whack_A_Mole_Minigunner_JDG 
M01_Whack_A_Mole_Exit_Zone_JDG 
M01_Whack_A_Mole_Enter_Zone_JDG 
M01_HON_Easy_Spawned_Guy_03_JDG 
M01_HON_Easy_Spawned_Guy_02_JDG 
M01_HON_Easy_Spawned_Guy_01_JDG 
M01_MiniGunner_Point_Guard_JDG 
M01_Flamethrower_Point_Guard_JDG 
M01_Player_Is_Crossing_Bridge_Via_Church_Zone 
M01_Player_Is_Crossing_Bridge_Via_Cave_Zone 
M01_Player_Is_Crossing_Bridge_Zone 
M01_Tiberium_Cave_Helicopter_JDG 
M01_Announce_Barn_Objective_Zone 
M01_Announce_Hand_of_Nod_Zone 
M01_Church_Balcony_MiniGunner_JDG 
M01_Church_Exterior_MiniGunner_JDG 
M01_Church_LoveShack_MiniGunner_JDG 
M01_Hand_Of_Nod_Dojo_Zone 
M01_Hand_Of_Nod_Grunt_Zone 
M01_HON_Cafeteria_Walking_Guy_JDG 
M01_HON_Cafeteria_Eating_Guy_JDG 
M01_HON_Dorm_MiniGunner_JDG 
M01_HON_Dorm_RocketGuy_JDG 
M01_HON_Dorm_ChemGuy_JDG 
M01_HON_Dorm_FlameGuy_JDG 
M01_HON_Dorm_Crapper_JDG 
M01_HON_BackDoor_Evacuator_JDG 
M01_HON_FrontDoor_Evacuator_JDG 
M01_CommCenter_Evacuator_JDG 
M01_Destroyed_SAMSITE_JDG 
M01_HandOfNod_SAMSite_Script 
M01_COMM_Commander_Guy 
M01_HON_Commander_Guy 
M01_UnScramble_Radar_Zone 
M01_Scramble_Radar_Zone 
M01_Announce_Prisoner_Objective_Zone 
M01_Lose_Any_HON_Escorts_Zone_02 
M01_Lose_Any_HON_Escorts_Zone 
M01_Lose_Any_Church_Escorts_Zone_02 
M01_Lose_Any_Church_Escorts_Zone 
M01_Player_is_Entering_GDI_Base_Zone 
M01_Player_is_Leaving_GDI_Base_Zone 
M01_Waterfall_Exterior_Zone 
M01_Waterfall_Interior_Zone 
M01_Tunnel_Exterior_Zone 
M01_Tunnel_Interior_Zone 
M01_Comm_Center_Exterior_Zone 
M01_Comm_Center_Interior_Zone 
M01_Hand_Of_Nod_Exterior_Zone 
M01_Hand_Of_Nod_Interior_Zone 
M01_Entering_Church_Area_Zone 
M01_Ambient_Sound_Controller_JDG 
M01_Flyover_Generic_Script_JDG 
M01_Hand_of_Nod_Building_Script_JDG 
M01_HON_Medlab_DropOff_Guy_JDG 
M01_Mission_Controller_JDG 
MSK_Info_Zone 
MSK_Soldier Spawner_ID:int
MSK_Controller 
MTU_Flyover Vehicle_ID:int
MTU_Nod_Soldier Soldier_ID:int
MTU_Building_Controller Building_ID:int
MTU_GDI_Vehicle Vehicle_ID:int
MTU_Range_Powerup Powerup_ID:int
MTU_Range_Target_Miss_Commando 
MTU_Range_Target_Path_Left 
MTU_Range_Target_Path_Right 
MTU_Range_Target_Path_Mid 
MTU_Range_Target Target_ID:int
MTU_Nod_Apache Apache_ID:int
MTU_PowerUp_Armor 
MTU_PowerUp_Health 
MTU_Commando_Startup 
MTU_Commando 
MTU_GDI_Soldier 
MTU_Trigger_Zone 
MTU_Tutorial_Instructor 
MTU_Tutorial_Controller 
M00_Trigger_State_Sequence_RAD Start_Now=0:int, Receive_Type:int, Num_States=2:int, Loop_States=0:int, Send_Type:int, Target_ID:int, Min_Delay=0.0:float, Max_Delay=0.0:float, Debug_Mode=0:int
M00_Trigger_Timer_Expired_RAD Start_Now=0:int, Receive_Type=15:int, Receive_Param_On=1:int, Receive_Param_Off=0:int, Timer_Min=0.0:float, Timer_Max=1.0:float, Trigger_Count=0:int, Target_ID:int, Send_Type:int, Send_Param:int, Min_Delay=0.0:float, Max_Delay=0.0:float, Debug_Mode=0:int
M00_Trigger_When_Animation_Complete_RMV Start_Now=1:int, Receive_Type=9:int, Receive_Param_On=1:int, Receive_Param_Off=0:int, Target_ID:int, Animation_Name:string, Send_Type:int, Send_Param:int, Min_Delay=0.0:float, Max_Delay=0.0:float, Trigger_Count=0:int, Debug_Mode=0:int
M00_Trigger_When_Action_Complete_RMV Start_Now=1:int, Receive_Type=8:int, Receive_Param_On=1:int, Receive_Param_Off=0:int, Target_ID:int, Send_Type:int, Send_Param:int, Min_Delay=0.0:float, Max_Delay=0.0:float, Action_ID:int, Trigger_Count=0:int, Debug_Mode=0:int
M00_Trigger_When_Damaged_RMV Start_Now=1:int, Receive_Type=7:int, Receive_Param_On=1:int, Receive_Param_Off=0:int, Target_ID:int, Send_Type:int, Send_Param:int, Min_Delay=0.0:float, Max_Delay=0.0:float, Trigger_Count=0:int, Debug_Mode=0:int
M00_Trigger_When_Enemy_Seen_RMV Start_Now=1:int, Receive_Type=6:int, Receive_Param_On=1:int, Receive_Param_Off=0:int, Target_ID:int, Send_Type:int, Send_Parameter:int, Min_Delay=0.0:float, Max_Delay=0.0:float, Trigger_Count=0:int, Debug_Mode=0:int
M00_Trigger_Zone_Entered_Or_Exited_RMV Start_Now=1:int, Receive_Type=5:int, Receive_Param_On=1:int, Receive_Param_Off=0:int, Target_ID:int, Send_Type:int, Send_Param:int, Min_Delay=0.0:float, Max_Delay=0.0:float, Trigger_Count=0:int, Triggerer=0:int, Debug_Mode=0:int
M00_Trigger_Zone_Exited_RMV Start_Now=1:int, Receive_Type=4:int, Receive_Param_On=1:int, Receive_Param_Off=0:int, Target_ID:int, Send_Type:int, Send_Param:int, Min_Delay=0.0:float, Max_Delay=0.0:float, Trigger_Count=0:int, Triggerer=0:int, Debug_Mode=0:int
M00_Trigger_Zone_Entered_RMV Start_Now=1:int, Receive_Type=3:int, Receive_Param_On=1:int, Receive_Param_Off=0:int, Target_ID:int, Send_Type:int, Send_Param:int, Min_Delay=0.0:float, Max_Delay=0.0:float, Trigger_Count=0:int, Triggerer=0:int, Debug_Mode=0:int
M00_Trigger_When_Created_RMV Target_ID:int, Send_Type:int, Send_Parameter:int, Min_Delay=0.0:float, Max_Delay=0.0:float, Debug_Mode=0:int
M00_Trigger_When_Destroyed_RMV Start_Now=1:int, Receive_Type=2:int, Receive_Param_On=1:int, Receive_Param_Off=0:int, Target_ID:int, Send_Type:int, Send_Param:int, Min_Delay=0.0:float, Max_Delay=0.0:float, Debug_Mode=0:int
M00_Trigger_When_Killed_RMV Start_Now=1:int, Receive_Type=1:int, Receive_Param_On=1:int, Receive_Param_Off=0:int, Target_ID:int, Send_Type:int, Send_Param:int, Min_Delay=0.0:float, Max_Delay=0.0:float, Debug_Mode=0:int
M00_Spawner_Controller_RMV Spawner_ID:int, Custom_Type_To_Enable:int, Custom_Type_To_Trigger:int, On_When_Created=0:int
M00_BuildingStateSoundController BuildingSpeaker_ID:int
M00_BuildingStateSoundSpeaker Sound_Normal:string,Sound_Destroyed:string,BuildingController_ID:int,Is_3D=1:int,Offset:vector3,Offset_Randomness:vector3,Frequency_Min=-1:float,Frequency_Max:float,Is_3D_Destroyed=1:int,Offset_Destroyed:vector3,Offset_Randomness_Destroyed:vector3,Frequency_Min_Destroyed=-1:float,Frequency_Max_Destroyed:float, Explosion_Name:string
RMV_Sound_Play_Near_Player Receive_Type:int, Receive_Param:int, Max_Offset:vector3, Sound_Preset:string, Frequency_Min:float, Frequency_Max=0.0:float
RMV_Audio_Sound_Player_Preset Preset_Name:string, Custom_Type=0:int, Custom_Param=0:int, Sound_Origin:vector3
RMV_Audio_Sound_Player_WAV WAV_File:string, Is_3D=1:int, Custom_Type=0:int, Custom_Param=0:int
RMV_Audio_Timer_Delay Target_ID:int, Custom_Type=0:int, Custom_Param=0:int, Delay_Min=0.0:float, Delay_Max=0.0:float, Timer_ID=0:int, Repeat=1:int, Randomize_Each_Time=1:int
M00_Sound_Building_Ambient_RAD Building_ID=0:int, Building_Type=0:int, Building Facing=0:int
M00_Sound_Play_3D_At_Bone_RMV Start_Now=0:int, Receive_Type:int, Receive_Param_On=1:int, Receive_Param_Off=0:int, Object_ID:int, Bone_Name:string, Sound_Effect:string, Play_Count=1:int, Sound_Delay_Min=0.1:float, Sound_Delay_Max=0.1:float, Debug_Mode=0:int
M00_Sound_Play_3D_At_Location_RMV Start_Now=0:int, Receive_Type:int, Receive_Param_On=1:int, Receive_Param_Off=0:int, Sound_Effect:string, Play_Count=1:int, Sound_Delay_Min=0.1:float, Sound_Delay_Max=0.1:float, Origin:vector3, Debug_Mode=0:int
M00_Sound_Play_3D_On_Object_RAD Start_Now=0:int, Receive_Type:int, Receive_Param_On=1:int, Receive_Param_Off=0:int, Object_ID:int, Sound_Effect:string, Play_Count=1:int, Sound_Delay_Min=0.1:float, Sound_Delay_Max=0.1:float, Debug_Mode=0:int
M00_Sound_Play_2D_RAD Start_Now=0:int, Receive_Type:int, Receive_Param_On=1:int, Receive_Param_Off=0:int, Sound_Effect:string, Play_Count=1:int, Sound_Delay_Min=0.1:float, Sound_Delay_Max=0.1:float, Debug_Mode=0:int
M00_Siege_Actor_RAD Start_Now=1:int, Receive_Type:int, Receive_Param_On=1:int, Receive_Param_Off=0:int, My_Group_ID=0:int, Debug_Mode=0:int
M00_Siege_Zone_RAD Start_Now=1:int, Receive_Type:int, Receive_Param_On=1:int, Receive_Param_Off=0:int, Wander_Distance=3.0:float, My_Group_ID=0:int, Attraction_Radius=20.0:float, Debug_Mode=0:int
M00_Death_Powerup 
M00_CNC_Crate 
M00_Tiberium_Refinery MoneyAmount:int,TimerLength:int
M00_GrantMoney_Powerup ScoreAmount:float,Entire_Team=0:int,Randomizer=1:int
M00_GrantScore_Powerup ScoreAmount:float,Entire_Team=0:int,Randomizer=1:int
M00_Reveal_Enc_Weapon_DAY WeaponEncyclopediaID:int
M00_Reveal_Enc_Vehicle_DAY VehicleEncyclopediaID:int
M00_Reveal_Enc_Character_DAY CharacterEncyclopediaID:int
M00_Reveal_Enc_Building_DAY BuildingEncyclopediaID:int
M00_Powerup_Destroy 
M00_Soldier_Powerup_Disable 
M00_Soldier_Powerup_Grant 
M00_Send_Object_ID Receiver_ID:int, Param=0:int, Delay=1.0f:int
M00_PCT_Pokable_DAK 
M00_Vehicle_Regen_DAK 
M00_Fire_Gas_Elec_Death_DAK DeathType=1:int,HealthThreshhold=0.25:float
M00_Disable_Transition 
M00_Permanent_No_Falling_Damage_IML 
M00_No_Falling_Damage_DME 
M00_Create_Anim_Effect_DAY Effect_Model:string
M00_PowerUp_Create_When_Killed_JDG Preset_Name:string,Drop_Percentage=100:float,Create_At_Death_Pos=1:int,Position:vector3,Z_Offset=0.75:float,Spawn_Effect=0:int
M00_Object_Destroy_Self_RMV Start_Now=1:int, Receive_Type=3:int, Receive_Param_On=1:int, Receive_Param_Off=0:int, Receive_Param_Activate:int, Debug_Mode=0:int
M00_Object_Create_Attach_Script_RMV Start_Now=0:int, Receive_Type:int, Receive_Param_On=1:int, Object_To_Create:string, Location:vector3, Facing=0.00:float, Debug_Mode=0:int, Script_To_Attach:string, Script_Params:string
M00_Object_Destroy_RMV Receive_Type_Activate:int, Debug_Mode=0:int
M00_Object_Create_RMV Start_Now=0:int, Receive_Type:int, Receive_Param_On=1:int, Object_To_Create:string, Location:vector3, Facing=0.00:float, Debug_Mode=0:int
M00_Global_Objective_Controller_RMV Set_Type:int, Set_Status:int, Remove:int
M00_Objective_Controller_For_Objects_Multiple_Triggers_RMV Objective_ID:int, Objective_Type=1:int, Objective_Description_ID:int, Hidden=0:int, Custom_Type:int, Activate_Param=0:int, Number_Of_Triggers:int, Trigger_Param:int, Unhide_Param=0:int, Failure_Param:int
M00_Objective_Radar_Blip_On_Object_RMV Objective_ID:int, Activate_Type=0:int, Activate_Param=0:int
M00_Objective_Controller_For_Locations_RMV Objective_ID:int, Objective_Type=1:int, Objective_Description_ID:int, Radar_Blip=1:int, Hidden=0:int, Location:vector3, Custom_Type:int, Activate_Param=0:int, Unhide_Param=0:int, Success_Param:int, Failure_Param:int
M00_Objective_Controller_For_Objects_RMV Objective_ID:int, Objective_Type=1:int, Objective_Description_ID:int, Radar_Blip=1:int, Hidden=0:int, Object_ID:int, Custom_Type:int, Activate_Param=0:int, Unhide_Param=0:int, Success_Param:int, Failure_Param:int
M00_NukeStrike_Anim 
M00_Create_Random_Explosion_DLS Explosion_Name:string, Delay_Min=0.0f:float, Delay_Max=4.0f:float, Loc_ID0=0:int, Loc_ID1=0:int, Loc_ID2=0:int, Loc_ID3=0:int, Loc_ID4=0:int, Loc_ID5=0:int, Loc_ID6=0:int, Loc_ID7=0:int, Loc_ID8=0:int, Loc_ID9=0:int
M00_Explosion_Create_At_Bone_RMV Start_Now=0:int, Receive_Type:int, Receive_Param_On:int, Explosion_Name:string, Object_ID:int, Bone_Name:string, Debug_Mode=0:int
M00_Explosion_Create_RMV Start_Now=0:int, Create_At_Obj=0:int, Receive_Type:int, Receive_Param_On=1:int, Explosion_Name:string, Origin:vector3, Debug_Mode=0:int
M00_Broadcaster_Activator_RAD Terminal_ID:int, Prompt_Value=0:int, Debug_Mode=0:int
M00_Broadcaster_Terminal_RAD Random_Percentage=100.0:float, Random_Param_Min=0:int, Random_Param_Max=0:int, Debug_Mode=0:int
M00_Broadcaster_Register_RAD Terminal_ID:int, Send_Attempts=3:int, Send_Delay=1:int, Debug_Mode=0:int
M00_Animation_Play_Drop_Object_Attach_Script_RMV Start_Now=0:int, Receive_Type:int, Receive_Param_On=1:int, Receive_Param_Off=0:int, Action_Priority:int, Action_ID:int, Animation:string, Drop_Frame:int, Drop_Object:string, Drop_Bone:string, Script_Name:string, Script_Params:string, Debug_Mode=0:int
M00_Animation_Play_Drop_Object_RMV Start_Now=0:int, Receive_Type:int, Receive_Param_On=1:int, Receive_Param_Off=1:int, Action_Priority:int, Action_ID:int, Animation:string, Drop_Frame:int, Drop_Object:string, Drop_Bone:string, Debug_Mode=0:int
M00_Animation_Play_RMV Start_Now=0:int, Receive_Type:int, Receive_Param_On=1:int, Receive_Param_Off=0:int, Action_Priority:int, Action_ID:int, Animation:string, Loop=0:int, Debug_Mode=0:int
M00_Action_Innate_Follow_Player 
M00_Action_Innate_Follow_Waypath Waypath_ID:int
M00_Action_Set_Home_Location Start_Now=1:int, Receive_Type:int, Receive_Param_On:int, Home_Location:vector3, Wander_Distance=99999.0:float
M00_Action Start_Now=0:int, Receive_Type=14:int, Receive_Param_On=1:int, Receive_Param_Off=0:int, Action_Priority=99:int, Action_ID=0:int, _Move_Target_ID=0:int, _Move_Following=0:int, _Move_Destination:vector3, _Move_Waypath_ID=0:int, _Move_Waypath_Start_ID=0:int, _Move_Waypath_End_ID:int, _Move_Waypath_Splined=0:int, _Move_Arrive_Distance=1.0:float, _Move_Speed=1.0:float, _Move_Crouch=0:int, _Move_Backwards=0:int, _Move_Pathfind=1:int, _Attack_Target_ID=0:int, _Attack_Location:vector3, _Attack_Range=100.0:float, _Attack_Deviation=0.0:float, _Attack_Primary=1:int, _Attack_Crouched=0:int, Debug_Mode=0:int
M00_Base_Defense MinAttackDistance=0:int, MaxAttackDistance=300:int, AttackTimer=10:int
M00_Damage_Modifier_DME Damage_multiplier:float, Star_Modifier=1:int, NotStar_Modifier=1:int, Killable_By_Star=1:int, Killable_by_NotStar=1:int
M00_Generic_Conv_DME ConvName:string
M00_SSM_DLS 
M00_Change_L3Mutant_RadarMarker_JDG 
M00_HealthMedal_TextMessage_JDG 
M00_ArmorMedal_TextMessage_JDG 
M00_Select_Empty_Hands On_Created=1:int
M00_Obelisk_Weapon 
M00_Nod_Obelisk Controller_ID=0:int
M00_Obelisk_Weapon_CNC 
M00_Nod_Obelisk_CNC Controller_ID=0:int
M00_Nod_Turret 
M00_Purchase_Terminal_Mutant 
M00_Purchase_Terminal_NOD 
M00_Purchase_Terminal_GDI 
M00_Advanced_Guard_Tower_Missile 
M00_Advanced_Guard_Tower_Gun 
M00_Advanced_Guard_Tower 
M00_ChainRxn_Barrel_JDG Controller_ID :int
M00_5MetalBarrels_ChainRxn_Controller_JDG Barrel01_Location:vector3, Barrel01_Type (1-8):int, Barrel01_Facing = 0:float, Barrel02_Location:vector3, Barrel02_Type (1-8):int, Barrel02_Facing = 0:float, Barrel03_Location:vector3, Barrel03_Type (1-8):int, Barrel03_Facing = 0:float, Barrel04_Location:vector3, Barrel04_Type (1-8):int, Barrel04_Facing = 0:float, Barrel05_Location:vector3, Barrel05_Type (1-8):int, Barrel05_Facing = 0:float
M00_Monitor_Attached_Primary 
M00_C130_Explosion 
M00_Enable_Physical_Collision_JDG 
M00_Disable_Physical_Collision_JDG 
M00_Debug_Text_File_RMV Description=Object:string, Filename=DebugLog.txt:string
M00_Play_Sound Sound_Preset:string, Is_3D=1:int, Offset:vector3, Offset_Randomness:vector3, Frequency_Min=-1:float, Frequency_Max:float
RMV_MCT_Switcher 
RMV_Toggled_Engineer_Target Emergency=1:int, Animation_Name:string, Custom_Type:int, Custom_Param_1:int, Custom_Param_2:int
RMV_Building_Engineer_Controller Killed_Broadcast_Radius:float, 25_Start_ID:int, 25_Number:int, 50_Start_ID:int, 50_Number:int, 75_Start_ID:int, 75_Number:int, Building_Number:int
RMV_Engineer_Wander Custom_Type:int, Custom_Param_1:int, Custom_Param_2:int, Building_Number:int, Evac_Object=None:string
RMV_Trigger_Poked Target_ID:int, Type:int, Param:int
RMV_Trigger_Zone_2 TargetID:int, Type:int, Param:int
RMV_Trigger_Zone TargetID:int, Type:int, Param:int
RMV_Test_Stealth 
RMV_Test_Damage 
RMV_Trigger_Poked_2 Target:int, Type:int, Param:int
M00_Ion_Cannon_Sound Number=0:int
Poke_And_Play_Cinematic Text_File:string, Location=0 0 0:vector3
RMV_Transport_Evac Number:int, Nod=0:int
RMV_Engine_Sound Preset:string, Bone:string
M00_Destroyed_Turret 
RMV_Cinematic_Position Bone:string
RMV_Camera_Behavior Angle:float, Alarm_ID=0:int, Is_Gun=0:int, Delay=0.0:float
RMV_Test_Facing 
RMV_Home_Point Radius:float
RMV_Trigger_Killed ID:int, Type:int, Param:int
RMV_Hostage_Rescue_Point 
M00_Put_Script_On_Commando 
M00_Damaged_Warning 
M00_Commando_Death_Taunt 
M00_C130_Dropoff_RMV ObjToCreate=:string
RMV_Test_Script 
M00_Test_Sound_RAD 
M03_A05_Evac_Zone 
MX0_A02_ZONE_DEFAULT_ON 
MX0_A02_DEFAULT_OFF 
MX0_A02_HELICOPTER ActorID=0:int
MX0_A02_ZONE_STARTUP 
MX0_A02_GDI_APC 
MX0_A02_GDI_MEDTANK 
MX0_A02_GDI_VEHICLE 
MX0_A02_ACTOR ActorID=0:int
MX0_A02_Controller 
PDS_Test_Sound 
PDS_Test_Gunboat 
PDS_Test_Controller 
PDS_Test_Bubba 
PDS_Test_Inventory 
PDS_Test_Harvester TiberiumID=:int,DriveToID=:int,EntranceID=:int,DockID=:int
PDS_Test_Follow_Waypath WaypathID=:int,WaypointStartID=:int,WaypointEndID=:int
PDS_Test_Follow_Player 
PDS_Test_Goto_Loc ObjDestID=:int
PDS_Test_Goto_Player 
PDS_Get_In_Vehicle_Do_Waypath VehicleID=:int,WaypathID=:int,V3Test=1.3 44.543 0:vector3
PDS_Test_Conversation Conversation Name=:string,Soldier1_ID=0:int,Soldier2_ID=0:int,Soldier3_ID=0:int
PDS_Test_Dock DockDestObjID=:int,DockEntranceObjID=:int
PDS_Test_Modify_Attack WaypathID=:int
PDS_Generic_Test 
DME_Cinematic_Test 
test_Ssm_Trigger 
M05_Tech_Wander_DME Work_Area=1:int
M05_Tank_Attack_DME 
M05_Tank_Drop_01_DME 
DME_Test_Work_Area 
DME_Test_Worker_Wander Work_Area=3:int
DME_Test_Paradrop 
DME_Test_Ejected_Soldier 
DME_Waypath_test 
DME_Destroy_Item timer_length: float
DME_Test_Powerup 
MX0_Explosive_Barrels_DLS Logical_Sound=0:int, Radius:float
DLS_Star_No_Fall 
MX0_Plant_Ion_Beacon_DLS 
MX0_Nod_Bunker_DLS 
MX0_SAM_DLS 
MX0_Nod_RocketSoldier_DLS Stationary_Point=0:int
MX0_Gun_Emplacement_DLS Left_Point=0:int, Right_Point=0:int
MX0_GDI_Soldier_DLS Attack_Loc0=0:int, Attack_Loc1=0:int, Attack_Loc2=0:int, Attack_Loc3=0:int, Speed=1.0:float
MX0_GDI_Killed_DLS Unit_ID=0:int
MX0_Obelisk_Weapon_DLS Max_Range=75.0f:float
MX0_Vehicle_DLS Attack_Loc0=0:int, Attack_Loc1=0:int, Attack_Loc2=0:int, Attack_Loc3=0:int, Speed=1.0:float
MX0_Area4_Zone_DLS Area=0:int
MX0_Area4_Controller_DLS 
DLS_Innate_Disable 
DLS_Test_Evac 
DLS_Math 
DLS_Blink 
DLS_Created_Too_Early 
DLS_Test_Hand_Over_Head 
DLS_Test_Flyovers 
DLS_Where_Am_I 
DLS_Cinematic_Test2 
DLS_SSM_Test 
DLS_Cinematic_Test 
DLS_Artillery_Test 
DLS_ActionComplete_Test 
DLS_No_Innate 
DLS_Playertype 
DLS_Goto_Unit 
DLS_Test_Tank 
DLS_Test_Apache 
DLS_Test_Homepoint 
DLS_Spawn_Engineer2 
DLS_Spawn_Engineer 
DLS_CNC_Sound Box_ID:int
DLS_Drop_Unit Box_ID:int
DLS_Test_Zone_Timer Debug_Mode=0:int
DLS_Test_Conversation Debug_Mode=0:int
M00_Reinforcement_C130 Controller_ID:int
M00_C130_ParaDrop Preset:string
DLS_Cargo_Plane_Test 
DLS_Innate_Force_State 
DLS_Flame_Tank_Test 
DLS_Test_Pickup Debug_Mode=0:int
M06_Camera_Behavior Angle:float
DLS_Waypath_Test Debug_Mode=0:int
DLS_Filing_Cabinet Debug_Mode=0:int
DLS_Vehicle_Follow Debug_Mode=0:int
DLS_Tank_Path_Test Debug_Mode=0:int
DLS_Rappelling_Activate Debug_Mode=0:int
DLS_Test_NULL Debug_Mode=0:int
DLS_Gun_Test Debug_Mode=0:int
DLS_Camera_Test Pan_Loc1_ID=0:int, Pan_Loc2_ID=0:int, Debug_Mode=0:int
DLS_InnateIsStationary_Test 
DLS_Invulnerable_Test 
DLS_Two_Way 
DLS_Spawner 
DLS_SpawnTest 
M00_Set_Background_Music_DAY MusicFile:string
M00_Cinematic_Kill_Object_DAY 
M00_Disable_Loiter_DAY 
M00_PlayAnimation_DestroyObject_DAY AnimationName:string
M00_Play_Sound_Object_Bone_DAY Sound_Preset:string, Frequency_Min=-1.0:float, Frequency_Max:float
M00_DestroyedStateObject_DAY OriginalModelFacing:float,DestroyedModelPreset:string
M00_VisceroidInnate_DAY 
M00_GrantPowerup_Created WeaponDef:string
DAY_VTOL_CircleAttack 
DAY_TestScriptThree 
DAY_TestScriptTwo 
DAY_TestScriptOne 
M00_Screenshot_Poser_DAY Anim_Name:string
M00_BUILDING_EXPLODE_NO_DAMAGE_DAK 
DAK_PCT_Pokable_DAK 
DAK_Electric_Death_DAK 
DAK_Vehicle_Regen_DAK 
DAK_Fire_Gas_Elec_Death_DAK DeathType:string
DAK_PlayerSpotted 
DAK_TestScriptOne 
Test_Cinematic ControlFilename=:string
Test_Cinematic_Primary_Killed CallbackID=:int
M00_Cinematic_Attack_Command_DLS AttackDuration=1.0:float
BMG_Test_Script 
Dr_Mobius_Script 
